// Jest Snapshot v1, https://goo.gl/fbAQLP

exports[`Footer Component snapshot test it renders all of the social media links and regulatory bodies correctly 1`] = `
<DocumentFragment>
  <footer>
    <div>
      <div>
        <p>
          Find us on Social Media
        </p>
        <div>
          <a
            href="https://www.facebook.com/HighworthPhysio/"
            rel="noopener noreferrer"
            target="_blank"
          >
            <svg
              fill="none"
              height="32"
              stroke="currentColor"
              stroke-linecap="round"
              stroke-linejoin="round"
              stroke-width="2"
              viewBox="0 0 24 24"
              width="32"
              xmlns="http://www.w3.org/2000/svg"
            >
              <path
                d="M18 2h-3a5 5 0 0 0-5 5v3H7v4h3v8h4v-8h3l1-4h-4V7a1 1 0 0 1 1-1h3z"
              />
            </svg>
          </a>
        </div>
      </div>
      <div>
        <p>
          All of our physios are registered with at least one of the following regulatory bodies:
        </p>
        <ul>
          <li>
            <a
              href="https://www.csp.org.uk/"
              rel="noopener noreferrer"
              target="_blank"
            >
              <abbr
                title="Chartered Society of Physiotherapists"
              >
                CSP
              </abbr>
            </a>
          </li>
          <li>
            <a
              href="https://www.hcpc-uk.org/"
              rel="noopener noreferrer"
              target="_blank"
            >
              <abbr
                title="Health and Care Professions Council"
              >
                HCPC
              </abbr>
            </a>
          </li>
          <li>
            <a
              href="https://www.physiofirst.org.uk/"
              rel="noopener noreferrer"
              target="_blank"
            >
              Physio First
            </a>
          </li>
          <li>
            <a
              href="https://www.aacp.org.uk/"
              rel="noopener noreferrer"
              target="_blank"
            >
              <abbr
                title="Acupuncture Association of Chartered Physiotherapists"
              >
                AACP
              </abbr>
            </a>
          </li>
          <li>
            <a
              href="https://www.acpat.org/"
              rel="noopener noreferrer"
              target="_blank"
            >
              <abbr
                title="Association of Chartered Physiotherapists in Animal Therapy"
              >
                ACPAT
              </abbr>
            </a>
          </li>
          <li>
            <a
              href="https://www.rampregister.org/"
              rel="noopener noreferrer"
              target="_blank"
            >
              <abbr
                title="Register of Animal Musculoskeletal Practitioners"
              >
                RAMP
              </abbr>
            </a>
          </li>
        </ul>
      </div>
    </div>
  </footer>
</DocumentFragment>
`;
