// Jest Snapshot v1, https://goo.gl/fbAQLP

exports[`NavMenu Component snapshot test When passed NavMenuItem components as children it renders the NavMenu element with all of its' children 1`] = `
<DocumentFragment>
  <nav>
    <a
      href="/child-1-href"
    >
      Child NavMenuItem 1
    </a>
    <a
      href="/child-2-href"
    >
      Child NavMenuItem 2
    </a>
    <a
      href="/child-3-href"
    >
      Child NavMenuItem 3
    </a>
  </nav>
</DocumentFragment>
`;

exports[`NavMenu Component snapshot test When passed ordinary html elements as children it renders the NavMenu element with all of its' children 1`] = `
<DocumentFragment>
  <nav>
    <p>
      Child 1
    </p>
    <div>
      Child 2
    </div>
    <p>
      Child 3
    </p>
  </nav>
</DocumentFragment>
`;
